// Jest Snapshot v1, https://goo.gl/fbAQLP

exports[`Todo should match snapshot 1`] = `
<div
  class="todoView"
>
  <header
    class="header text-center"
  >
    <h1>
      Sunday
    </h1>
     
    <h2>
      June 3, 2018
    </h2>
  </header>
   
  <div
    class="todos"
  >
    <!---->
    <!---->
  </div>
   
  <footer>
    <button
      class="btn btn-success btn-sm"
    >
      Add
    </button>
  </footer>
</div>
`;
